{"data":{"viewer":{"avatarUrl":"https://api-assets.annict.com/shrine/profile/31031/image/master-37023a5c194ab55d24f15b23d42eec45.jpg","recordsCount":44,"wannaWatchCount":0,"watchingCount":4,"watchedCount":32}}}